// Jest Snapshot v1, https://goo.gl/fbAQLP

exports[`BookComponent should render basic card without input 1`] = `
<div
  id="root1"
>
  <div
    class="card w-full bg-base-100 shadow-xl"
  >
    <div
      class="card-body"
    >
      <h2
        class="card-title"
      >
        test book name
      </h2>
      <p>
        Michale Ende
      </p>
      <p>
        <span>
          ISBN 13
        </span>
        <span>
          978-3522202107
        </span>
      </p>
      <div
        class="card-actions justify-end"
      >
        <button
          class="btn btn-primary"
        >
          More Details
        </button>
      </div>
    </div>
  </div>
</div>
`;
