// Jest Snapshot v1, https://goo.gl/fbAQLP

exports[`Book Resolver should create a book 1`] = `
{
  "createBook": {
    "author": {
      "name": "William Brown",
    },
    "id": "b23fe6e3-4870-49a0-be21-6ce15c2452c2",
    "isbn": "978-3522202107",
    "name": "Momo",
  },
}
`;

exports[`Book Resolver should return with books 1`] = `
{
  "getBooks": [
    {
      "author": {
        "name": "William Brown",
      },
      "id": "0fb06dc3-28e9-4ee6-953c-a11d55267f3a",
      "isbn": "9783742321398",
      "name": "1 test name chromium",
    },
    {
      "author": {
        "name": "William Brown",
      },
      "id": "91ed404a-4993-49ee-87e2-26f1bdf472b6",
      "isbn": "9783830335658",
      "name": "1 test name firefox",
    },
    {
      "author": {
        "name": "William Brown",
      },
      "id": "01e43b7a-2cca-4c7e-9892-4c448af9f14d",
      "isbn": "9783959616461",
      "name": "1 test name webkit",
    },
    {
      "author": {
        "name": "John Smith",
      },
      "id": "5291a7fc-d663-40d6-935a-38b52d697fe3",
      "isbn": "123456789",
      "name": "Book Title 1",
    },
    {
      "author": {
        "name": "John Smith",
      },
      "id": "ce9a57b4-3e9d-41b3-b306-3d2140b2874a",
      "isbn": "123456798",
      "name": "Book Title 10",
    },
    {
      "author": {
        "name": "Jane Doe",
      },
      "id": "3e58038e-fcd3-4125-b036-392762547d4e",
      "isbn": "123456799",
      "name": "Book Title 11",
    },
    {
      "author": {
        "name": "William Brown",
      },
      "id": "dc24b466-9083-4159-b094-5d3eb25bfad7",
      "isbn": "123456800",
      "name": "Book Title 12",
    },
    {
      "author": {
        "name": "John Smith",
      },
      "id": "2dbbe6d9-95cb-427d-b28a-ab5f4f6c8f50",
      "isbn": "123456801",
      "name": "Book Title 13",
    },
    {
      "author": {
        "name": "Jane Doe",
      },
      "id": "b7e46666-2385-41a3-8899-7740cc3ab7b1",
      "isbn": "123456802",
      "name": "Book Title 14",
    },
    {
      "author": {
        "name": "William Brown",
      },
      "id": "32e156fb-9e26-4b03-83a3-9697ad1f3897",
      "isbn": "123456803",
      "name": "Book Title 15",
    },
  ],
}
`;
